\BOOKMARK [1][-]{section.1}{\376\377\225\356\230\230\221\315\217\360}{}% 1
\BOOKMARK [2][-]{subsection.1.1}{\376\377\225\356\230\230\200\314\146\157}{section.1}% 2
\BOOKMARK [2][-]{subsection.1.2}{\376\377\225\356\230\230\143\320\121\372}{section.1}% 3
\BOOKMARK [1][-]{section.2}{\376\377\225\356\230\230\122\006\147\220}{}% 4
\BOOKMARK [2][-]{subsection.2.1}{\376\377\225\356\230\230\116\000\122\006\147\220}{section.2}% 5
\BOOKMARK [2][-]{subsection.2.2}{\376\377\225\356\230\230\116\214\122\006\147\220}{section.2}% 6
\BOOKMARK [2][-]{subsection.2.3}{\376\377\225\356\230\230\116\011\122\006\147\220}{section.2}% 7
\BOOKMARK [2][-]{subsection.2.4}{\376\377\225\356\230\230\126\333\122\006\147\220}{section.2}% 8
\BOOKMARK [2][-]{subsection.2.5}{\376\377\136\372\152\041\140\035\215\357}{section.2}% 9
\BOOKMARK [1][-]{section.3}{\376\377\152\041\127\213\120\107\213\276}{}% 10
\BOOKMARK [1][-]{section.4}{\376\377\173\046\123\367\213\364\146\016}{}% 11
\BOOKMARK [1][-]{section.5}{\376\377\145\160\143\156\230\204\131\004\164\006}{}% 12
\BOOKMARK [2][-]{subsection.5.1}{\376\377\145\160\143\156\156\005\155\027}{section.5}% 13
\BOOKMARK [2][-]{subsection.5.2}{\376\377\143\317\217\360\140\047\176\337\213\241}{section.5}% 14
\BOOKMARK [1][-]{section.6}{\376\377\152\041\127\213\166\204\136\372\172\313\116\016\154\102\211\343}{}% 15
\BOOKMARK [2][-]{subsection.6.1}{\376\377\225\356\230\230\116\000\152\041\127\213\166\204\136\372\172\313\116\016\154\102\211\343}{section.6}% 16
\BOOKMARK [3][-]{subsubsection.6.1.1}{\376\377\166\330\121\145\207\272\176\277\123\312\142\212\142\113\177\026\123\367}{subsection.6.1}% 17
\BOOKMARK [3][-]{subsubsection.6.1.2}{\376\377\237\231\131\064\122\115\142\212\142\113\166\204\117\115\177\156\152\041\127\213}{subsection.6.1}% 18
\BOOKMARK [3][-]{subsubsection.6.1.3}{\376\377\124\004\142\212\142\113\117\115\177\156\166\204\220\022\143\250\152\041\127\213}{subsection.6.1}% 19
\BOOKMARK [3][-]{subsubsection.6.1.4}{\376\377\124\004\142\212\142\113\220\037\136\246\166\204\220\022\143\250\152\041\127\213}{subsection.6.1}% 20
\BOOKMARK [3][-]{subsubsection.6.1.5}{\376\377\145\160\120\074\154\102\211\343\145\271\154\325}{subsection.6.1}% 21
\BOOKMARK [3][-]{subsubsection.6.1.6}{\376\377\213\241\173\227\176\323\147\234\116\016\122\006\147\220}{subsection.6.1}% 22
\BOOKMARK [2][-]{subsection.6.2}{\376\377\225\356\230\230\116\214\152\041\127\213\166\204\136\372\172\313\116\016\154\102\211\343}{section.6}% 23
\BOOKMARK [3][-]{subsubsection.6.2.1}{\376\377\152\041\127\213\136\372\172\313}{subsection.6.2}% 24
\BOOKMARK [3][-]{subsubsection.6.2.2}{\376\377\152\041\127\213\154\102\211\343}{subsection.6.2}% 25
\BOOKMARK [3][-]{subsubsection.6.2.3}{\376\377\176\323\147\234\122\006\147\220}{subsection.6.2}% 26
\BOOKMARK [2][-]{subsection.6.3}{\376\377\225\356\230\230\116\011\152\041\127\213\166\204\136\372\172\313\116\016\154\102\211\343}{section.6}% 27
\BOOKMARK [3][-]{subsubsection.6.3.1}{\376\377\152\041\127\213\136\372\172\313}{subsection.6.3}% 28
\BOOKMARK [3][-]{subsubsection.6.3.2}{\376\377\152\041\127\213\154\102\211\343\116\016\176\323\147\234}{subsection.6.3}% 29
\BOOKMARK [2][-]{subsection.6.4}{\376\377\225\356\230\230\126\333\152\041\127\213\166\204\136\372\172\313\116\016\154\102\211\343}{section.6}% 30
\BOOKMARK [3][-]{subsubsection.6.4.1}{\376\377\152\041\127\213\143\250\136\177}{subsection.6.4}% 31
\BOOKMARK [3][-]{subsubsection.6.4.2}{\376\377\143\250\136\177\176\323\147\234\116\016\136\372\213\256}{subsection.6.4}% 32
\BOOKMARK [1][-]{section.7}{\376\377\152\041\127\213\150\300\232\214\116\016\145\117\141\037\140\047\122\006\147\220}{}% 33
\BOOKMARK [2][-]{subsection.7.1}{\376\377\213\357\135\356\122\006\147\220}{section.7}% 34
\BOOKMARK [2][-]{subsection.7.2}{\376\377\145\117\141\037\140\047\122\006\147\220}{section.7}% 35
\BOOKMARK [2][-]{subsection.7.3}{\376\377\172\063\120\145\140\047\150\300\232\214}{section.7}% 36
\BOOKMARK [1][-]{section.8}{\376\377\152\041\127\213\213\304\116\367\116\016\145\071\217\333}{}% 37
\BOOKMARK [2][-]{subsection.8.1}{\376\377\152\041\127\213\117\030\160\271}{section.8}% 38
\BOOKMARK [2][-]{subsection.8.2}{\376\377\152\041\127\213\116\015\215\263}{section.8}% 39
\BOOKMARK [2][-]{subsection.8.3}{\376\377\152\041\127\213\145\071\217\333}{section.8}% 40
\BOOKMARK [1][-]{section.9}{\376\377\176\323\213\272}{}% 41
\BOOKMARK [1][-]{section*.6}{\376\377\000A\000I\135\345\121\167\117\177\165\050\130\360\146\016}{}% 42
\BOOKMARK [1][-]{appendix.A}{\376\377\145\057\144\221\147\120\145\231\145\207\116\366\122\027\210\150}{}% 43
\BOOKMARK [1][-]{appendix.B}{\376\377\133\214\145\164\156\220\172\013\136\217}{}% 44
\BOOKMARK [1][-]{appendix.C}{\376\377\210\145\121\105\213\241\173\227\176\323\147\234}{}% 45
